// Jest Snapshot v1, https://goo.gl/fbAQLP

exports[`Render Map 1`] = `
<Map
  variantsOfRent={
    Array [
      Object {
        "coordinates": Array [
          123441,
          3423423,
        ],
        "cost": 189,
        "imageUrl": "img/apartment-02.jpg",
        "isBookMark": false,
        "kind": "Room",
        "name": "Wood and stone place",
        "rating": 3,
        "type": "Standart",
      },
    ]
  }
/>
`;
